Removed Pin From Net: NetName=AGND Pin=BS1-2
Removed Pin From Net: NetName=GND Pin=C18-2
Removed Pin From Net: NetName=GND Pin=C19-2
Removed Pin From Net: NetName=GND Pin=C20-2
Removed Pin From Net: NetName=+5V Pin=C21-1
Removed Pin From Net: NetName=AGND Pin=C21-2
Removed Pin From Net: NetName=+5V Pin=C22-1
Removed Pin From Net: NetName=AGND Pin=C22-2
Removed Pin From Net: NetName=+5V Pin=C23-1
Removed Pin From Net: NetName=AGND Pin=C23-2
Removed Pin From Net: NetName=+5V Pin=C24-1
Removed Pin From Net: NetName=AGND Pin=C24-2
Removed Pin From Net: NetName=AGND Pin=C25-2
Removed Pin From Net: NetName=VIN Pin=L1-1
Removed Pin From Net: NetName=+5V Pin=R1-2
Removed Pin From Net: NetName=AGND Pin=R2-1
Removed Pin From Net: NetName=GND Pin=U1-2
Removed Pin From Net: NetName=AGND Pin=U1-4
Removed Pin From Net: NetName=+5V Pin=U1-7
Removed Pin From Net: NetName=GND Pin=U1-8
Removed Member From Class: ClassName=Power Supply Member=C18
Removed Member From Class: ClassName=Power Supply Member=C19
Removed Member From Class: ClassName=Power Supply Member=C20
Removed Member From Class: ClassName=Power Supply Member=C21
Removed Member From Class: ClassName=Power Supply Member=C22
Removed Member From Class: ClassName=Power Supply Member=C23
Removed Member From Class: ClassName=Power Supply Member=C24
Removed Member From Class: ClassName=Power Supply Member=C25
Removed Member From Class: ClassName=Power Supply Member=L1
Removed Member From Class: ClassName=Power Supply Member=R1
Removed Member From Class: ClassName=Power Supply Member=R2
Removed Member From Class: ClassName=Power Supply Member=R5
Removed Member From Class: ClassName=Power Supply Member=U1
Added Component: Designator=BS2(RES_1206)
Added Component: Designator=BS3(RES_1206)
Added Component: Designator=C?(RES_1206)
Added Component: Designator=C?(RES_1206)
Added Component: Designator=DC1(DC/DC 3.3V 2W No aislado)
Added Pin To Net: NetName=GND Pin=BS1-1
Added Pin To Net: NetName=AGND Pin=BS1-2
Added Pin To Net: NetName=AGND Pin=BS3-1
Added Pin To Net: NetName=+5V Pin=C?-1
Added Pin To Net: NetName=VIN Pin=C?-1
Added Pin To Net: NetName=AGND Pin=C?-2
Added Pin To Net: NetName=GND Pin=C?-2
Added Pin To Net: NetName=VIN Pin=DC1-1
Added Pin To Net: NetName=+5V Pin=DC1-3
Added Pin To Net: NetName=NetBS1_2 Pin=BS1-2
Added Pin To Net: NetName=NetBS1_2 Pin=BS3-2
Added Pin To Net: NetName=NetBS1_2 Pin=DC1-2
Added Net: Name=NetBS1_2
Added Member To Class: ClassName=Power Supply Member=Component BS2 Ferrite bead
Added Member To Class: ClassName=Power Supply Member=Component BS3 Ferrite bead
Added Member To Class: ClassName=Power Supply Member=Component C? 10uF
Added Member To Class: ClassName=Power Supply Member=Component C? 10uF
Added Member To Class: ClassName=Power Supply Member=Component DC1 No isolated DC-DC Converter
