Removed Pin From Net: NetName=+5V_A Pin=BS3A-1
Removed Pin From Net: NetName=+5V_A Pin=BS3B-1
Removed Pin From Net: NetName=+5V_A Pin=BS3C-1
Removed Pin From Net: NetName=+5V_A Pin=BS3D-1
Removed Pin From Net: NetName=+5V_A Pin=BS3E-1
Removed Pin From Net: NetName=+5V_A Pin=BS3F-1
Removed Pin From Net: NetName=+5V_A Pin=BS3G-1
Removed Pin From Net: NetName=+5V_A Pin=BS3H-1
Removed Pin From Net: NetName=+5V_A Pin=BS3I-1
Removed Pin From Net: NetName=+5V_A Pin=BS3J-1
Removed Pin From Net: NetName=+5V_A Pin=BS3K-1
Removed Pin From Net: NetName=+5V_A Pin=BS3L-1
Removed Pin From Net: NetName=GND Pin=C18-2
Removed Pin From Net: NetName=GND Pin=C19-2
Removed Pin From Net: NetName=GND Pin=C20-2
Removed Pin From Net: NetName=GND Pin=U1-2
Removed Pin From Net: NetName=GND Pin=U1-8
Removed Pin From Net: NetName=GND Pin=U1A-23
Removed Pin From Net: NetName=GND Pin=U1A-33
Removed Pin From Net: NetName=GND Pin=U1B-23
Removed Pin From Net: NetName=GND Pin=U1B-33
Removed Pin From Net: NetName=GND Pin=U1C-23
Removed Pin From Net: NetName=GND Pin=U1C-33
Removed Pin From Net: NetName=GND Pin=U1D-23
Removed Pin From Net: NetName=GND Pin=U1D-33
Removed Pin From Net: NetName=GND Pin=U1E-23
Removed Pin From Net: NetName=GND Pin=U1E-33
Removed Pin From Net: NetName=GND Pin=U1F-23
Removed Pin From Net: NetName=GND Pin=U1F-33
Removed Pin From Net: NetName=GND Pin=U1G-23
Removed Pin From Net: NetName=GND Pin=U1G-33
Removed Pin From Net: NetName=GND Pin=U1H-23
Removed Pin From Net: NetName=GND Pin=U1H-33
Removed Pin From Net: NetName=GND Pin=U1I-23
Removed Pin From Net: NetName=GND Pin=U1I-33
Removed Pin From Net: NetName=GND Pin=U1J-23
Removed Pin From Net: NetName=GND Pin=U1J-33
Removed Pin From Net: NetName=GND Pin=U1K-23
Removed Pin From Net: NetName=GND Pin=U1K-33
Removed Pin From Net: NetName=GND Pin=U1L-23
Removed Pin From Net: NetName=GND Pin=U1L-33
Removed Member From Class: ClassName=Buffer_Analog1 Member=BS3A
Removed Member From Class: ClassName=Buffer_Analog2 Member=BS3B
Removed Member From Class: ClassName=Buffer_Analog3 Member=BS3C
Removed Member From Class: ClassName=Buffer_Analog4 Member=BS3D
Removed Member From Class: ClassName=Buffer_Analog5 Member=BS3E
Removed Member From Class: ClassName=Buffer_Analog6 Member=BS3F
Removed Member From Class: ClassName=Buffer_Analog7 Member=BS3G
Removed Member From Class: ClassName=Buffer_Analog8 Member=BS3H
Removed Member From Class: ClassName=Buffer_Analog9 Member=BS3I
Removed Member From Class: ClassName=Buffer_Analog10 Member=BS3J
Removed Member From Class: ClassName=Buffer_Analog11 Member=BS3K
Removed Member From Class: ClassName=Buffer_Analog12 Member=BS3L
Added Component: Designator=BS1(RES_1206)
Added Pin To Net: NetName=GND Pin=BS1-2
Added Pin To Net: NetName=+5V_A Pin=C21-1
Added Pin To Net: NetName=+5V_A Pin=C22-1
Added Pin To Net: NetName=+5V_A Pin=C23-1
Added Pin To Net: NetName=+5V_A Pin=C24-1
Added Pin To Net: NetName=+5V_A Pin=D1-1
Added Pin To Net: NetName=+5V_A Pin=R1-2
Added Pin To Net: NetName=+5V_A Pin=U1-7
Change Net Name : Old Net Name=+5V_A New Net Name=+5V
Change Net Name : Old Net Name=GND New Net Name=AGND
Added Pin To Net: NetName=GND Pin=BS1-1
Added Pin To Net: NetName=GND Pin=C18-2
Added Pin To Net: NetName=GND Pin=C19-2
Added Pin To Net: NetName=GND Pin=C20-2
Added Pin To Net: NetName=GND Pin=U1-2
Added Pin To Net: NetName=GND Pin=U1-8
Added Pin To Net: NetName=GND Pin=U1A-23
Added Pin To Net: NetName=GND Pin=U1A-33
Added Pin To Net: NetName=GND Pin=U1B-23
Added Pin To Net: NetName=GND Pin=U1B-33
Added Pin To Net: NetName=GND Pin=U1C-23
Added Pin To Net: NetName=GND Pin=U1C-33
Added Pin To Net: NetName=GND Pin=U1D-23
Added Pin To Net: NetName=GND Pin=U1D-33
Added Pin To Net: NetName=GND Pin=U1E-23
Added Pin To Net: NetName=GND Pin=U1E-33
Added Pin To Net: NetName=GND Pin=U1F-23
Added Pin To Net: NetName=GND Pin=U1F-33
Added Pin To Net: NetName=GND Pin=U1G-23
Added Pin To Net: NetName=GND Pin=U1G-33
Added Pin To Net: NetName=GND Pin=U1H-23
Added Pin To Net: NetName=GND Pin=U1H-33
Added Pin To Net: NetName=GND Pin=U1I-23
Added Pin To Net: NetName=GND Pin=U1I-33
Added Pin To Net: NetName=GND Pin=U1J-23
Added Pin To Net: NetName=GND Pin=U1J-33
Added Pin To Net: NetName=GND Pin=U1K-23
Added Pin To Net: NetName=GND Pin=U1K-33
Added Pin To Net: NetName=GND Pin=U1L-23
Added Pin To Net: NetName=GND Pin=U1L-33
Added Net: Name=GND
Added Member To Class: ClassName=Power Supply Member=Component BS1 Ferrite bead
