Removed Pin From Net: NetName=AGND Pin=J2-9
Removed Pin From Net: NetName=AGND Pin=J2-10
Removed Pin From Net: NetName=AGND Pin=J2-11
Removed Pin From Net: NetName=AGND Pin=J2-12
Removed Pin From Net: NetName=AGND Pin=J2-13
Removed Pin From Net: NetName=AGND Pin=J2-14
Removed Pin From Net: NetName=AGND Pin=J2-15
Removed Pin From Net: NetName=AGND Pin=J2-16
Removed Pin From Net: NetName=AGND Pin=J2-17
Removed Pin From Net: NetName=AGND Pin=J2-18
Removed Pin From Net: NetName=AGND Pin=J2-19
Removed Pin From Net: NetName=AGND Pin=J2-20
Removed Pin From Net: NetName=AGND Pin=J2-21
Removed Pin From Net: NetName=AGND Pin=J2-22
Removed Pin From Net: NetName=AGND Pin=J2-23
Removed Pin From Net: NetName=AGND Pin=J2-28
Removed Pin From Net: NetName=AGND Pin=J2-29
Removed Pin From Net: NetName=AGND Pin=J2-30
Removed Pin From Net: NetName=AGND Pin=J2-31
Removed Pin From Net: NetName=AGND Pin=J2-32
Removed Pin From Net: NetName=AGND Pin=J2-33
Removed Pin From Net: NetName=AGND Pin=J2-34
Removed Pin From Net: NetName=AGND Pin=J2-35
Removed Pin From Net: NetName=AGND Pin=J2-36
Removed Pin From Net: NetName=AGND Pin=J2-37
Removed Pin From Net: NetName=AGND Pin=J2-38
Removed Pin From Net: NetName=AGND Pin=J2-39
Removed Pin From Net: NetName=AGND Pin=J2-40
Removed Pin From Net: NetName=AGND Pin=J2-41
Removed Pin From Net: NetName=AGND Pin=J2-42
Removed Pin From Net: NetName=AGND Pin=J2-75
Removed Pin From Net: NetName=AGND Pin=J2-76
Removed Pin From Net: NetName=AGND Pin=U1A-23
Removed Pin From Net: NetName=AGND Pin=U1A-33
Removed Pin From Net: NetName=AGND Pin=U1B-23
Removed Pin From Net: NetName=AGND Pin=U1B-33
Removed Pin From Net: NetName=AGND Pin=U1C-23
Removed Pin From Net: NetName=AGND Pin=U1C-33
Removed Pin From Net: NetName=AGND Pin=U1D-23
Removed Pin From Net: NetName=AGND Pin=U1D-33
Removed Pin From Net: NetName=AGND Pin=U1E-23
Removed Pin From Net: NetName=AGND Pin=U1E-33
Removed Pin From Net: NetName=AGND Pin=U1F-23
Removed Pin From Net: NetName=AGND Pin=U1F-33
Removed Pin From Net: NetName=AGND Pin=U1G-23
Removed Pin From Net: NetName=AGND Pin=U1G-33
Removed Pin From Net: NetName=AGND Pin=U1H-23
Removed Pin From Net: NetName=AGND Pin=U1H-33
Added Pin To Net: NetName=GND Pin=J2-9
Added Pin To Net: NetName=GND Pin=J2-10
Added Pin To Net: NetName=GND Pin=J2-11
Added Pin To Net: NetName=GND Pin=J2-12
Added Pin To Net: NetName=GND Pin=J2-13
Added Pin To Net: NetName=GND Pin=J2-14
Added Pin To Net: NetName=GND Pin=J2-15
Added Pin To Net: NetName=GND Pin=J2-16
Added Pin To Net: NetName=GND Pin=J2-17
Added Pin To Net: NetName=GND Pin=J2-18
Added Pin To Net: NetName=GND Pin=J2-19
Added Pin To Net: NetName=GND Pin=J2-20
Added Pin To Net: NetName=GND Pin=J2-21
Added Pin To Net: NetName=GND Pin=J2-22
Added Pin To Net: NetName=GND Pin=J2-23
Added Pin To Net: NetName=GND Pin=J2-28
Added Pin To Net: NetName=GND Pin=J2-29
Added Pin To Net: NetName=GND Pin=J2-30
Added Pin To Net: NetName=GND Pin=J2-31
Added Pin To Net: NetName=GND Pin=J2-32
Added Pin To Net: NetName=GND Pin=J2-33
Added Pin To Net: NetName=GND Pin=J2-34
Added Pin To Net: NetName=GND Pin=J2-35
Added Pin To Net: NetName=GND Pin=J2-36
Added Pin To Net: NetName=GND Pin=J2-37
Added Pin To Net: NetName=GND Pin=J2-38
Added Pin To Net: NetName=GND Pin=J2-39
Added Pin To Net: NetName=GND Pin=J2-40
Added Pin To Net: NetName=GND Pin=J2-41
Added Pin To Net: NetName=GND Pin=J2-42
Added Pin To Net: NetName=GND Pin=J2-75
Added Pin To Net: NetName=GND Pin=J2-76
Added Pin To Net: NetName=GND Pin=U1A-23
Added Pin To Net: NetName=GND Pin=U1A-33
Added Pin To Net: NetName=GND Pin=U1B-23
Added Pin To Net: NetName=GND Pin=U1B-33
Added Pin To Net: NetName=GND Pin=U1C-23
Added Pin To Net: NetName=GND Pin=U1C-33
Added Pin To Net: NetName=GND Pin=U1D-23
Added Pin To Net: NetName=GND Pin=U1D-33
Added Pin To Net: NetName=GND Pin=U1E-23
Added Pin To Net: NetName=GND Pin=U1E-33
Added Pin To Net: NetName=GND Pin=U1F-23
Added Pin To Net: NetName=GND Pin=U1F-33
Added Pin To Net: NetName=GND Pin=U1G-23
Added Pin To Net: NetName=GND Pin=U1G-33
Added Pin To Net: NetName=GND Pin=U1H-23
Added Pin To Net: NetName=GND Pin=U1H-33
