Removed Pin From Net: NetName=VCC3.3 Pin=BS1-2
Removed Pin From Net: NetName=VCC3.3 Pin=BS2-2
Removed Pin From Net: NetName=+5V Pin=BS4-2
Removed Pin From Net: NetName=+5V Pin=C3-1
Removed Pin From Net: NetName=GND Pin=C3-2
Removed Pin From Net: NetName=+5V Pin=C9-1
Removed Pin From Net: NetName=GND Pin=C9-2
Removed Pin From Net: NetName=+3.3V Pin=C10-1
Removed Pin From Net: NetName=GND Pin=C10-2
Removed Pin From Net: NetName=+5V Pin=C11-1
Removed Pin From Net: NetName=GND Pin=C11-2
Removed Pin From Net: NetName=+5V Pin=C12-1
Removed Pin From Net: NetName=GND Pin=C12-2
Removed Pin From Net: NetName=+5V Pin=C13-1
Removed Pin From Net: NetName=GND Pin=C13-2
Removed Pin From Net: NetName=GND Pin=C14-2
Removed Pin From Net: NetName=GND Pin=C15-2
Removed Pin From Net: NetName=GND Pin=C16-2
Removed Pin From Net: NetName=GND Pin=C17-2
Removed Pin From Net: NetName=GND Pin=C18-2
Removed Pin From Net: NetName=GND Pin=C19-2
Removed Pin From Net: NetName=GND Pin=C20-2
Removed Pin From Net: NetName=GND Pin=C21-2
Removed Pin From Net: NetName=GND Pin=C22-2
Removed Pin From Net: NetName=GND Pin=C23-2
Removed Pin From Net: NetName=GND Pin=C24-2
Removed Pin From Net: NetName=GND Pin=C25-2
Removed Pin From Net: NetName=GND Pin=C26-2
Removed Pin From Net: NetName=GND Pin=C27-2
Removed Pin From Net: NetName=GND Pin=C28-2
Removed Pin From Net: NetName=GND Pin=C29-2
Removed Pin From Net: NetName=+3.3V Pin=C30-1
Removed Pin From Net: NetName=GND Pin=C30-2
Removed Pin From Net: NetName=+3.3V Pin=C31-1
Removed Pin From Net: NetName=GND Pin=C31-2
Removed Pin From Net: NetName=+3.3V Pin=C32-1
Removed Pin From Net: NetName=GND Pin=C32-2
Removed Pin From Net: NetName=+3.3V Pin=C33-1
Removed Pin From Net: NetName=GND Pin=C33-2
Removed Pin From Net: NetName=+3.3V Pin=C34-1
Removed Pin From Net: NetName=GND Pin=C34-2
Removed Pin From Net: NetName=GND Pin=C40-2
Removed Pin From Net: NetName=+3.3V Pin=C44-1
Removed Pin From Net: NetName=GND Pin=C44-2
Removed Pin From Net: NetName=GND Pin=C46-2
Removed Pin From Net: NetName=+3.3V Pin=C53-1
Removed Pin From Net: NetName=GND Pin=C53-2
Removed Pin From Net: NetName=GND Pin=C55-2
Removed Pin From Net: NetName=GND Pin=C56-2
Removed Pin From Net: NetName=GND Pin=C57-2
Removed Pin From Net: NetName=GND Pin=C58-2
Removed Pin From Net: NetName=+3.3V Pin=C59-1
Removed Pin From Net: NetName=GND Pin=C59-2
Removed Pin From Net: NetName=+5V_A Pin=C68A-1
Removed Pin From Net: NetName=AGND Pin=C68A-2
Removed Pin From Net: NetName=+5V_A Pin=C68B-1
Removed Pin From Net: NetName=AGND Pin=C68B-2
Removed Pin From Net: NetName=+5V_A Pin=C68C-1
Removed Pin From Net: NetName=AGND Pin=C68C-2
Removed Pin From Net: NetName=+5V_A Pin=C68D-1
Removed Pin From Net: NetName=AGND Pin=C68D-2
Removed Pin From Net: NetName=+5V_A Pin=C68E-1
Removed Pin From Net: NetName=AGND Pin=C68E-2
Removed Pin From Net: NetName=+5V_A Pin=C68F-1
Removed Pin From Net: NetName=AGND Pin=C68F-2
Removed Pin From Net: NetName=+5V_A Pin=C68G-1
Removed Pin From Net: NetName=AGND Pin=C68G-2
Removed Pin From Net: NetName=+5V_A Pin=C68H-1
Removed Pin From Net: NetName=AGND Pin=C68H-2
Removed Pin From Net: NetName=+5V_A Pin=C69A-1
Removed Pin From Net: NetName=AGND Pin=C69A-2
Removed Pin From Net: NetName=+5V_A Pin=C69B-1
Removed Pin From Net: NetName=AGND Pin=C69B-2
Removed Pin From Net: NetName=+5V_A Pin=C69C-1
Removed Pin From Net: NetName=AGND Pin=C69C-2
Removed Pin From Net: NetName=+5V_A Pin=C69D-1
Removed Pin From Net: NetName=AGND Pin=C69D-2
Removed Pin From Net: NetName=+5V_A Pin=C69E-1
Removed Pin From Net: NetName=AGND Pin=C69E-2
Removed Pin From Net: NetName=+5V_A Pin=C69F-1
Removed Pin From Net: NetName=AGND Pin=C69F-2
Removed Pin From Net: NetName=+5V_A Pin=C69G-1
Removed Pin From Net: NetName=AGND Pin=C69G-2
Removed Pin From Net: NetName=+5V_A Pin=C69H-1
Removed Pin From Net: NetName=AGND Pin=C69H-2
Removed Pin From Net: NetName=+3.3V Pin=C70A-1
Removed Pin From Net: NetName=GND Pin=C70A-2
Removed Pin From Net: NetName=+3.3V Pin=C70B-1
Removed Pin From Net: NetName=GND Pin=C70B-2
Removed Pin From Net: NetName=+3.3V Pin=C70C-1
Removed Pin From Net: NetName=GND Pin=C70C-2
Removed Pin From Net: NetName=+3.3V Pin=C70D-1
Removed Pin From Net: NetName=GND Pin=C70D-2
Removed Pin From Net: NetName=+3.3V Pin=C70E-1
Removed Pin From Net: NetName=GND Pin=C70E-2
Removed Pin From Net: NetName=+3.3V Pin=C70F-1
Removed Pin From Net: NetName=GND Pin=C70F-2
Removed Pin From Net: NetName=+3.3V Pin=C70G-1
Removed Pin From Net: NetName=GND Pin=C70G-2
Removed Pin From Net: NetName=+3.3V Pin=C70H-1
Removed Pin From Net: NetName=GND Pin=C70H-2
Removed Pin From Net: NetName=GND Pin=D4-2
Removed Pin From Net: NetName=GND Pin=D5-2
Removed Pin From Net: NetName=GND Pin=D6-2
Removed Pin From Net: NetName=GND Pin=D7-2
Removed Pin From Net: NetName=GND Pin=D8-2
Removed Pin From Net: NetName=GND Pin=D9-2
Removed Pin From Net: NetName=GND Pin=D10-2
Removed Pin From Net: NetName=GND Pin=D11-2
Removed Pin From Net: NetName=GND Pin=DC1-1
Removed Pin From Net: NetName=GND Pin=DC1-1
Removed Pin From Net: NetName=GND Pin=DC1-3
Removed Pin From Net: NetName=+5V Pin=DC1-5
Removed Pin From Net: NetName=+5V Pin=DC1-6
Removed Pin From Net: NetName=+5V Pin=DC1-7
Removed Pin From Net: NetName=+5V Pin=DC1-8
Removed Pin From Net: NetName=AGND Pin=DebugA-2
Removed Pin From Net: NetName=AGND Pin=DebugB-2
Removed Pin From Net: NetName=AGND Pin=DebugC-2
Removed Pin From Net: NetName=AGND Pin=DebugD-2
Removed Pin From Net: NetName=AGND Pin=DebugE-2
Removed Pin From Net: NetName=AGND Pin=DebugF-2
Removed Pin From Net: NetName=AGND Pin=DebugG-2
Removed Pin From Net: NetName=AGND Pin=DebugH-2
Removed Pin From Net: NetName=GND Pin=JTAG CPLD-2
Removed Pin From Net: NetName=+3.3V Pin=JTAG CPLD-4
Removed Pin From Net: NetName=GND Pin=JTAG CPLD-10
Removed Pin From Net: NetName=VCC3.3 Pin=POT1-1
Removed Pin From Net: NetName=GND Pin=POT1-4
Removed Pin From Net: NetName=GND Pin=POT1-7
Removed Pin From Net: NetName=VCC3.3 Pin=POT1-10
Removed Pin From Net: NetName=VCC3.3 Pin=POT1-13
Removed Pin From Net: NetName=GND Pin=POT1-14
Removed Pin From Net: NetName=GND Pin=POT1-15
Removed Pin From Net: NetName=+3.3V Pin=POT1-16
Removed Pin From Net: NetName=+3.3V Pin=POT1-17
Removed Pin From Net: NetName=VCC3.3 Pin=POT1-18
Removed Pin From Net: NetName=VCC3.3 Pin=POT2-1
Removed Pin From Net: NetName=GND Pin=POT2-4
Removed Pin From Net: NetName=GND Pin=POT2-7
Removed Pin From Net: NetName=VCC3.3 Pin=POT2-10
Removed Pin From Net: NetName=VCC3.3 Pin=POT2-13
Removed Pin From Net: NetName=+3.3V Pin=POT2-14
Removed Pin From Net: NetName=GND Pin=POT2-15
Removed Pin From Net: NetName=+3.3V Pin=POT2-16
Removed Pin From Net: NetName=+3.3V Pin=POT2-17
Removed Pin From Net: NetName=VCC3.3 Pin=POT2-18
Removed Pin From Net: NetName=+3.3V Pin=R1-1
Removed Pin From Net: NetName=+3.3V Pin=R2-1
Removed Pin From Net: NetName=+5V Pin=R3-2
Removed Pin From Net: NetName=+5V Pin=R4-2
Removed Pin From Net: NetName=+5V Pin=R5-2
Removed Pin From Net: NetName=+5V Pin=R6-2
Removed Pin From Net: NetName=+5V Pin=R7-2
Removed Pin From Net: NetName=+5V Pin=R8-2
Removed Pin From Net: NetName=+5V Pin=R9-2
Removed Pin From Net: NetName=+5V Pin=R10-2
Removed Pin From Net: NetName=GND Pin=R11-1
Removed Pin From Net: NetName=+3.3V Pin=R12-1
Removed Pin From Net: NetName=GND Pin=R20-1
Removed Pin From Net: NetName=+3.3V Pin=R21-1
Removed Pin From Net: NetName=I2C_SHARED_SCL Pin=R21-2
Removed Pin From Net: NetName=+3.3V Pin=R22-1
Removed Pin From Net: NetName=I2C_SHARED_SDA Pin=R22-2
Removed Pin From Net: NetName=AIN2_N1 Pin=R39A-2
Removed Pin From Net: NetName=AIN2_N2 Pin=R39B-2
Removed Pin From Net: NetName=AGND Pin=R56-1
Removed Pin From Net: NetName=AIN2_N1 Pin=R58A-2
Removed Pin From Net: NetName=AIN2_N2 Pin=R58B-2
Removed Pin From Net: NetName=ADC1_TD_N1 Pin=R65A-2
Removed Pin From Net: NetName=ADC2_TD_N1 Pin=R65B-2
Removed Pin From Net: NetName=ADC3_TD_N1 Pin=R65C-2
Removed Pin From Net: NetName=ADC4_TD_N1 Pin=R65D-2
Removed Pin From Net: NetName=ADC1_TD_N2 Pin=R65E-2
Removed Pin From Net: NetName=ADC2_TD_N2 Pin=R65F-2
Removed Pin From Net: NetName=ADC3_TD_N2 Pin=R65G-2
Removed Pin From Net: NetName=ADC4_TD_N2 Pin=R65H-2
Removed Pin From Net: NetName=ADC1_TD_P1 Pin=R67A-2
Removed Pin From Net: NetName=ADC2_TD_P1 Pin=R67B-2
Removed Pin From Net: NetName=ADC3_TD_P1 Pin=R67C-2
Removed Pin From Net: NetName=ADC4_TD_P1 Pin=R67D-2
Removed Pin From Net: NetName=ADC1_TD_P2 Pin=R67E-2
Removed Pin From Net: NetName=ADC2_TD_P2 Pin=R67F-2
Removed Pin From Net: NetName=ADC3_TD_P2 Pin=R67G-2
Removed Pin From Net: NetName=ADC4_TD_P2 Pin=R67H-2
Removed Pin From Net: NetName=AGND Pin=R72A-1
Removed Pin From Net: NetName=AGND Pin=R72B-1
Removed Pin From Net: NetName=AGND Pin=R72C-1
Removed Pin From Net: NetName=AGND Pin=R72D-1
Removed Pin From Net: NetName=AGND Pin=R72E-1
Removed Pin From Net: NetName=AGND Pin=R72F-1
Removed Pin From Net: NetName=AGND Pin=R72G-1
Removed Pin From Net: NetName=AGND Pin=R72H-1
Removed Pin From Net: NetName=AGND Pin=R73-1
Removed Pin From Net: NetName=AGND Pin=R74-1
Removed Pin From Net: NetName=AGND Pin=R75-1
Removed Pin From Net: NetName=AGND Pin=R80-1
Removed Pin From Net: NetName=AGND Pin=R81-1
Removed Pin From Net: NetName=AGND Pin=R82-1
Removed Pin From Net: NetName=AGND Pin=R83-1
Removed Pin From Net: NetName=AGND Pin=REFA-2
Removed Pin From Net: NetName=+5V_A Pin=REFA-3
Removed Pin From Net: NetName=+5V_A Pin=REFA-4
Removed Pin From Net: NetName=AGND Pin=REFB-2
Removed Pin From Net: NetName=+5V_A Pin=REFB-3
Removed Pin From Net: NetName=+5V_A Pin=REFB-4
Removed Pin From Net: NetName=AGND Pin=REFC-2
Removed Pin From Net: NetName=+5V_A Pin=REFC-3
Removed Pin From Net: NetName=+5V_A Pin=REFC-4
Removed Pin From Net: NetName=AGND Pin=REFD-2
Removed Pin From Net: NetName=+5V_A Pin=REFD-3
Removed Pin From Net: NetName=+5V_A Pin=REFD-4
Removed Pin From Net: NetName=AGND Pin=REFE-2
Removed Pin From Net: NetName=+5V_A Pin=REFE-3
Removed Pin From Net: NetName=+5V_A Pin=REFE-4
Removed Pin From Net: NetName=AGND Pin=REFF-2
Removed Pin From Net: NetName=+5V_A Pin=REFF-3
Removed Pin From Net: NetName=+5V_A Pin=REFF-4
Removed Pin From Net: NetName=AGND Pin=REFG-2
Removed Pin From Net: NetName=+5V_A Pin=REFG-3
Removed Pin From Net: NetName=+5V_A Pin=REFG-4
Removed Pin From Net: NetName=AGND Pin=REFH-2
Removed Pin From Net: NetName=+5V_A Pin=REFH-3
Removed Pin From Net: NetName=+5V_A Pin=REFH-4
Removed Pin From Net: NetName=+5V Pin=U2-1
Removed Pin From Net: NetName=GND Pin=U2-4
Removed Pin From Net: NetName=+5V Pin=U2-6
Removed Pin From Net: NetName=+5V Pin=U2-8
Removed Pin From Net: NetName=+5V_A Pin=U4A-4
Removed Pin From Net: NetName=AGND Pin=U4A-11
Removed Pin From Net: NetName=+5V_A Pin=U4B-4
Removed Pin From Net: NetName=AGND Pin=U4B-11
Removed Pin From Net: NetName=+5V_A Pin=U4C-4
Removed Pin From Net: NetName=AGND Pin=U4C-11
Removed Pin From Net: NetName=+5V_A Pin=U4D-4
Removed Pin From Net: NetName=AGND Pin=U4D-11
Removed Pin From Net: NetName=+5V_A Pin=U4E-4
Removed Pin From Net: NetName=AGND Pin=U4E-11
Removed Pin From Net: NetName=+5V_A Pin=U4F-4
Removed Pin From Net: NetName=AGND Pin=U4F-11
Removed Pin From Net: NetName=+5V_A Pin=U4G-4
Removed Pin From Net: NetName=AGND Pin=U4G-11
Removed Pin From Net: NetName=+5V_A Pin=U4H-4
Removed Pin From Net: NetName=AGND Pin=U4H-11
Removed Pin From Net: NetName=ADC_IN1_P1 Pin=U5-2
Removed Pin From Net: NetName=ADC_IN1_N1 Pin=U5-3
Removed Pin From Net: NetName=GND Pin=U5-4
Removed Pin From Net: NetName=ADC_IN2_P1 Pin=U5-5
Removed Pin From Net: NetName=ADC_IN2_N1 Pin=U5-6
Removed Pin From Net: NetName=GND Pin=U5-8
Removed Pin From Net: NetName=ADC_IN3_P1 Pin=U5-9
Removed Pin From Net: NetName=ADC_IN3_N1 Pin=U5-10
Removed Pin From Net: NetName=GND Pin=U5-11
Removed Pin From Net: NetName=ADC_IN4_P1 Pin=U5-12
Removed Pin From Net: NetName=ADC_IN4_N1 Pin=U5-13
Removed Pin From Net: NetName=GND Pin=U5-15
Removed Pin From Net: NetName=GND Pin=U5-17
Removed Pin From Net: NetName=GND Pin=U5-18
Removed Pin From Net: NetName=LCLK_P Pin=U5-19
Removed Pin From Net: NetName=LCLK_N Pin=U5-20
Removed Pin From Net: NetName=ADC_P1 Pin=U5-21
Removed Pin From Net: NetName=ADC_N1 Pin=U5-22
Removed Pin From Net: NetName=ADC_P2 Pin=U5-23
Removed Pin From Net: NetName=ADC_N2 Pin=U5-24
Removed Pin From Net: NetName=GND Pin=U5-26
Removed Pin From Net: NetName=ADC_P3 Pin=U5-27
Removed Pin From Net: NetName=ADC_N3 Pin=U5-28
Removed Pin From Net: NetName=ADC_P4 Pin=U5-29
Removed Pin From Net: NetName=ADC_N4 Pin=U5-30
Removed Pin From Net: NetName=ADC_P5 Pin=U5-31
Removed Pin From Net: NetName=ADC_N5 Pin=U5-32
Removed Pin From Net: NetName=ADC_P6 Pin=U5-33
Removed Pin From Net: NetName=ADC_N6 Pin=U5-34
Removed Pin From Net: NetName=GND Pin=U5-36
Removed Pin From Net: NetName=ADC_P7 Pin=U5-37
Removed Pin From Net: NetName=ADC_N7 Pin=U5-38
Removed Pin From Net: NetName=ADC_P8 Pin=U5-39
Removed Pin From Net: NetName=ADC_N8 Pin=U5-40
Removed Pin From Net: NetName=ADCLK_P Pin=U5-41
Removed Pin From Net: NetName=ADCLK_N Pin=U5-42
Removed Pin From Net: NetName=GND Pin=U5-43
Removed Pin From Net: NetName=GND Pin=U5-44
Removed Pin From Net: NetName=GND Pin=U5-46
Removed Pin From Net: NetName=ADC_IN1_P2 Pin=U5-48
Removed Pin From Net: NetName=ADC_IN1_N2 Pin=U5-49
Removed Pin From Net: NetName=GND Pin=U5-50
Removed Pin From Net: NetName=ADC_IN2_P2 Pin=U5-51
Removed Pin From Net: NetName=ADC_IN2_N2 Pin=U5-52
Removed Pin From Net: NetName=GND Pin=U5-53
Removed Pin From Net: NetName=ADC_IN3_P2 Pin=U5-55
Removed Pin From Net: NetName=ADC_IN3_N2 Pin=U5-56
Removed Pin From Net: NetName=GND Pin=U5-57
Removed Pin From Net: NetName=ADC_IN4_P2 Pin=U5-58
Removed Pin From Net: NetName=ADC_IN4_N2 Pin=U5-59
Removed Pin From Net: NetName=GND Pin=U5-61
Removed Pin From Net: NetName=GND Pin=U5-62
Removed Pin From Net: NetName=GND Pin=U5-68
Removed Pin From Net: NetName=ADCLK Pin=U5-71
Removed Pin From Net: NetName=GND Pin=U5-72
Removed Pin From Net: NetName=GND Pin=U5-73
Removed Pin From Net: NetName=GND Pin=U5-74
Removed Pin From Net: NetName=GND Pin=U5-79
Removed Pin From Net: NetName=GND Pin=U5-80
Removed Pin From Net: NetName=GND Pin=U5-81
Removed Pin From Net: NetName=GND Pin=U6A-3
Removed Pin From Net: NetName=+3.3V Pin=U6A-5
Removed Pin From Net: NetName=GND Pin=U6B-3
Removed Pin From Net: NetName=+3.3V Pin=U6B-5
Removed Pin From Net: NetName=GND Pin=U6C-3
Removed Pin From Net: NetName=+3.3V Pin=U6C-5
Removed Pin From Net: NetName=GND Pin=U6D-3
Removed Pin From Net: NetName=+3.3V Pin=U6D-5
Removed Pin From Net: NetName=GND Pin=U6E-3
Removed Pin From Net: NetName=+3.3V Pin=U6E-5
Removed Pin From Net: NetName=GND Pin=U6F-3
Removed Pin From Net: NetName=+3.3V Pin=U6F-5
Removed Pin From Net: NetName=GND Pin=U6G-3
Removed Pin From Net: NetName=+3.3V Pin=U6G-5
Removed Pin From Net: NetName=GND Pin=U6H-3
Removed Pin From Net: NetName=+3.3V Pin=U6H-5
Removed Pin From Net: NetName=AGND Pin=U7A-5
Removed Pin From Net: NetName=+5V_A Pin=U7A-8
Removed Pin From Net: NetName=AGND Pin=U7B-5
Removed Pin From Net: NetName=+5V_A Pin=U7B-8
Removed Pin From Net: NetName=AGND Pin=U7C-5
Removed Pin From Net: NetName=+5V_A Pin=U7C-8
Removed Pin From Net: NetName=AGND Pin=U7D-5
Removed Pin From Net: NetName=+5V_A Pin=U7D-8
Removed Pin From Net: NetName=AGND Pin=U7E-5
Removed Pin From Net: NetName=+5V_A Pin=U7E-8
Removed Pin From Net: NetName=AGND Pin=U7F-5
Removed Pin From Net: NetName=+5V_A Pin=U7F-8
Removed Pin From Net: NetName=AGND Pin=U7G-5
Removed Pin From Net: NetName=+5V_A Pin=U7G-8
Removed Pin From Net: NetName=AGND Pin=U7H-5
Removed Pin From Net: NetName=+5V_A Pin=U7H-8
Removed Pin From Net: NetName=+5V Pin=U8-1
Removed Pin From Net: NetName=GND Pin=U8-4
Removed Pin From Net: NetName=+5V Pin=U8-6
Removed Pin From Net: NetName=+5V Pin=U8-8
Removed Pin From Net: NetName=+5V Pin=U9-1
Removed Pin From Net: NetName=GND Pin=U9-4
Removed Pin From Net: NetName=+5V Pin=U9-6
Removed Pin From Net: NetName=+5V Pin=U9-8
Removed Pin From Net: NetName=+5V Pin=U10-1
Removed Pin From Net: NetName=GND Pin=U10-4
Removed Pin From Net: NetName=+5V Pin=U10-6
Removed Pin From Net: NetName=+5V Pin=U10-8
Removed Pin From Net: NetName=VCA Pin=U11-2
Removed Pin From Net: NetName=GND Pin=U11-4
Removed Pin From Net: NetName=VCA Pin=U11-6
Removed Pin From Net: NetName=GND Pin=U12-8
Removed Pin From Net: NetName=+3.3V Pin=U12-9
Removed Pin From Net: NetName=GND Pin=U12-10
Removed Pin From Net: NetName=GND Pin=U12-11
Removed Pin From Net: NetName=+3.3V Pin=U12-31
Removed Pin From Net: NetName=GND Pin=U12-32
Removed Pin From Net: NetName=GND Pin=U12-37
Removed Pin From Net: NetName=+3.3V Pin=U12-45
Removed Pin From Net: NetName=GND Pin=U12-46
Removed Pin From Net: NetName=+3.3V Pin=U12-59
Removed Pin From Net: NetName=GND Pin=U12-60
Removed Pin From Net: NetName=GND Pin=U12-65
Removed Pin From Net: NetName=I2C_SHARED_SDA Pin=U12-78
Removed Pin From Net: NetName=GND Pin=U12-79
Removed Pin From Net: NetName=+3.3V Pin=U12-80
Removed Pin From Net: NetName=I2C_SHARED_SCL Pin=U12-81
Removed Pin From Net: NetName=COLLECTIVE_FLT Pin=U12-82
Removed Pin From Net: NetName=GND Pin=U12-90
Removed Pin From Net: NetName=GND Pin=U12-93
Removed Pin From Net: NetName=+3.3V Pin=U12-94
Removed Pin From Net: NetName=GND Pin=U12-95
Removed Pin From Net: NetName=+3.3V Pin=X1-1
Removed Pin From Net: NetName=GND Pin=X1-2
Removed Pin From Net: NetName=+3.3V Pin=X1-4
Added Pin To Net: NetName=AIN2A_N Pin=R39A-2
Added Pin To Net: NetName=AIN2B_N Pin=R39B-2
Added Pin To Net: NetName=AIN2A_N Pin=R58A-2
Added Pin To Net: NetName=AIN2B_N Pin=R58B-2
