Removed Pin From Net: NetName=+3.3V Pin=R13-2
Removed Pin From Net: NetName=GND Pin=R15-2
Removed Pin From Net: NetName=GND Pin=X2-1
Removed Pin From Net: NetName=GND Pin=X2-2
Removed Pin From Net: NetName=GND Pin=X2-3
Removed Pin From Net: NetName=GND Pin=X2-4
Removed Pin From Net: NetName=GND Pin=X2-7
Removed Pin From Net: NetName=GND Pin=X2-8
Removed Pin From Net: NetName=+5V Pin=X2-9
Removed Pin From Net: NetName=+5V Pin=X2-10
Removed Pin From Net: NetName=GND Pin=X2-11
Removed Pin From Net: NetName=GND Pin=X2-12
Removed Pin From Net: NetName=+3.3V Pin=X2-13
Removed Pin From Net: NetName=+3.3V Pin=X2-14
Removed Pin From Net: NetName=GND Pin=X2-15
Removed Pin From Net: NetName=GND Pin=X2-16
Removed Pin From Net: NetName=GND Pin=X2-21
Removed Pin From Net: NetName=GND Pin=X2-22
Removed Pin From Net: NetName=GND Pin=X2-27
Removed Pin From Net: NetName=GND Pin=X2-28
Removed Pin From Net: NetName=GND Pin=X2-33
Removed Pin From Net: NetName=GND Pin=X2-34
Removed Pin From Net: NetName=GND Pin=X2-39
Removed Pin From Net: NetName=GND Pin=X2-40
Removed Pin From Net: NetName=GND Pin=X2-45
Removed Pin From Net: NetName=GND Pin=X2-46
Removed Pin From Net: NetName=GND Pin=X2-51
Removed Pin From Net: NetName=GND Pin=X2-52
Removed Pin From Net: NetName=GND Pin=X2-57
Removed Pin From Net: NetName=GND Pin=X2-58
Removed Pin From Net: NetName=GND Pin=X2-63
Removed Pin From Net: NetName=GND Pin=X2-64
Removed Pin From Net: NetName=GND Pin=X2-69
Removed Pin From Net: NetName=GND Pin=X2-70
Removed Pin From Net: NetName=GND Pin=X2-75
Removed Pin From Net: NetName=GND Pin=X2-76
