Added Component: Designator=BS3A(RES_1206)
Added Component: Designator=C1A(CAP_0603)
Added Component: Designator=C2A(CAP_0603)
Added Component: Designator=C3A(CAP_0603)
Added Component: Designator=C35A(CAP_0603)
Added Component: Designator=C36A(CAP_0603)
Added Component: Designator=C37A(CAP_0603)
Added Component: Designator=C38A(CAP_0603)
Added Component: Designator=C39A(CAP_0603)
Added Component: Designator=C41A(CAP_0603)
Added Component: Designator=C42A(CAP_0603)
Added Component: Designator=C43A(CAP_0603)
Added Component: Designator=C45A(CAP_0603)
Added Component: Designator=C47A(CAP_0603)
Added Component: Designator=C48A(CAP_0603)
Added Component: Designator=C49A(CAP_0603)
Added Component: Designator=C50A(CAP_0603)
Added Component: Designator=C51A(CAP_0603)
Added Component: Designator=C52A(CAP_0603)
Added Component: Designator=C54A(CAP_0603)
Added Component: Designator=C64A(CAP_0603)
Added Component: Designator=C65A(CAP_0603)
Added Component: Designator=R30A(RES_0603)
Added Component: Designator=R31A(RES_0603)
Added Component: Designator=R32A(RES_0603)
Added Component: Designator=R33A(RES_0603)
Added Component: Designator=R34A(RES_0603)
Added Component: Designator=R35A(RES_0603)
Added Component: Designator=R36A(RES_0603)
Added Component: Designator=R37A(RES_0603)
Added Component: Designator=R38A(RES_0603)
Added Component: Designator=R39A(RES_0603)
Added Component: Designator=R40A(RES_0603)
Added Component: Designator=R41A(RES_0603)
Added Component: Designator=R42A(RES_0603)
Added Component: Designator=R43A(RES_0603)
Added Component: Designator=R44A(RES_0603)
Added Component: Designator=R45A(RES_0603)
Added Component: Designator=R46A(RES_0603)
Added Component: Designator=R47A(RES_0603)
Added Component: Designator=R48A(RES_0603)
Added Component: Designator=R49A(RES_0603)
Added Component: Designator=R50A(RES_0603)
Added Component: Designator=R51A(RES_0603)
Added Component: Designator=R52A(RES_0603)
Added Component: Designator=R53A(RES_0603)
Added Component: Designator=R57A(RES_1206)
Added Component: Designator=R58A(RES_1206)
Added Component: Designator=R62A(RES_1206)
Added Component: Designator=R63A(RES_1206)
Added Component: Designator=REF1A(SOT-353)
Added Component: Designator=U1A(TSSOP38)
Added Pin To Net: NetName=+5V_A Pin=BS3A-1
Added Pin To Net: NetName=+5V Pin=BS3A-2
Added Pin To Net: NetName=GND Pin=C1A-1
Added Pin To Net: NetName=VCA Pin=C1A-2
Added Pin To Net: NetName=GND Pin=C2A-1
Added Pin To Net: NetName=VCA Pin=C2A-2
Added Pin To Net: NetName=GND Pin=C3A-1
Added Pin To Net: NetName=+5V_A Pin=C3A-2
Added Pin To Net: NetName=GND Pin=C35A-1
Added Pin To Net: NetName=VCA Pin=C35A-2
Added Pin To Net: NetName=+5V_A Pin=C36A-1
Added Pin To Net: NetName=GND Pin=C36A-2
Added Pin To Net: NetName=+5V_A Pin=C37A-1
Added Pin To Net: NetName=GND Pin=C37A-2
Added Pin To Net: NetName=+5V_A Pin=C38A-1
Added Pin To Net: NetName=GND Pin=C38A-2
Added Pin To Net: NetName=+5V_A Pin=C39A-1
Added Pin To Net: NetName=GND Pin=C39A-2
Added Pin To Net: NetName=ADC_IN1_N1 Pin=C41A-1
Added Pin To Net: NetName=GND Pin=C41A-2
Added Pin To Net: NetName=GND Pin=C42A-1
Added Pin To Net: NetName=ADC_IN2_P1 Pin=C42A-2
Added Pin To Net: NetName=ADC_IN2_P1 Pin=C43A-1
Added Pin To Net: NetName=ADC_IN2_N1 Pin=C43A-2
Added Pin To Net: NetName=ADC_IN2_N1 Pin=C45A-1
Added Pin To Net: NetName=GND Pin=C45A-2
Added Pin To Net: NetName=GND Pin=C47A-1
Added Pin To Net: NetName=ADC_IN3_P1 Pin=C47A-2
Added Pin To Net: NetName=ADC_IN3_P1 Pin=C48A-1
Added Pin To Net: NetName=ADC_IN3_N1 Pin=C48A-2
Added Pin To Net: NetName=GND Pin=C49A-1
Added Pin To Net: NetName=VCA Pin=C49A-2
Added Pin To Net: NetName=ADC_IN3_N1 Pin=C50A-1
Added Pin To Net: NetName=GND Pin=C50A-2
Added Pin To Net: NetName=GND Pin=C51A-1
Added Pin To Net: NetName=ADC_IN4_P1 Pin=C51A-2
Added Pin To Net: NetName=ADC_IN4_P1 Pin=C52A-1
Added Pin To Net: NetName=ADC_IN4_N1 Pin=C52A-2
Added Pin To Net: NetName=ADC_IN4_N1 Pin=C54A-1
Added Pin To Net: NetName=GND Pin=C54A-2
Added Pin To Net: NetName=GND Pin=C64A-1
Added Pin To Net: NetName=ADC_IN1_P1 Pin=C64A-2
Added Pin To Net: NetName=ADC_IN1_P1 Pin=C65A-1
Added Pin To Net: NetName=ADC_IN1_N1 Pin=C65A-2
Added Pin To Net: NetName=ADC1_TD_N1 Pin=R30A-1
Added Pin To Net: NetName=NetR30A_2 Pin=R30A-2
Added Pin To Net: NetName=ADC_IN1_P1 Pin=R31A-1
Added Pin To Net: NetName=ADC1_TD_N1 Pin=R31A-2
Added Pin To Net: NetName=NetR30A_2 Pin=R32A-1
Added Pin To Net: NetName=AIN1_P1 Pin=R32A-2
Added Pin To Net: NetName=NetR33A_1 Pin=R33A-1
Added Pin To Net: NetName=AIN1_N1 Pin=R33A-2
Added Pin To Net: NetName=ADC_IN1_N1 Pin=R34A-1
Added Pin To Net: NetName=ADC1_TD_P1 Pin=R34A-2
Added Pin To Net: NetName=NetR33A_1 Pin=R35A-1
Added Pin To Net: NetName=ADC1_TD_P1 Pin=R35A-2
Added Pin To Net: NetName=ADC2_TD_N1 Pin=R36A-1
Added Pin To Net: NetName=NetR36A_2 Pin=R36A-2
Added Pin To Net: NetName=ADC_IN2_P1 Pin=R37A-1
Added Pin To Net: NetName=ADC2_TD_N1 Pin=R37A-2
Added Pin To Net: NetName=NetR36A_2 Pin=R38A-1
Added Pin To Net: NetName=AIN2_P1 Pin=R38A-2
Added Pin To Net: NetName=NetR39A_1 Pin=R39A-1
Added Pin To Net: NetName=AIN2A_N Pin=R39A-2
Added Pin To Net: NetName=ADC_IN2_N1 Pin=R40A-1
Added Pin To Net: NetName=ADC2_TD_P1 Pin=R40A-2
Added Pin To Net: NetName=NetR39A_1 Pin=R41A-1
Added Pin To Net: NetName=ADC2_TD_P1 Pin=R41A-2
Added Pin To Net: NetName=ADC3_TD_N1 Pin=R42A-1
Added Pin To Net: NetName=NetR42A_2 Pin=R42A-2
Added Pin To Net: NetName=ADC_IN3_P1 Pin=R43A-1
Added Pin To Net: NetName=ADC3_TD_N1 Pin=R43A-2
Added Pin To Net: NetName=NetR42A_2 Pin=R44A-1
Added Pin To Net: NetName=AIN3_P1 Pin=R44A-2
Added Pin To Net: NetName=NetR45A_1 Pin=R45A-1
Added Pin To Net: NetName=AIN3_N1 Pin=R45A-2
Added Pin To Net: NetName=ADC_IN3_N1 Pin=R46A-1
Added Pin To Net: NetName=ADC3_TD_P1 Pin=R46A-2
Added Pin To Net: NetName=NetR45A_1 Pin=R47A-1
Added Pin To Net: NetName=ADC3_TD_P1 Pin=R47A-2
Added Pin To Net: NetName=ADC4_TD_N1 Pin=R48A-1
Added Pin To Net: NetName=NetR48A_2 Pin=R48A-2
Added Pin To Net: NetName=ADC_IN4_P1 Pin=R49A-1
Added Pin To Net: NetName=ADC4_TD_N1 Pin=R49A-2
Added Pin To Net: NetName=NetR48A_2 Pin=R50A-1
Added Pin To Net: NetName=AIN4_P1 Pin=R50A-2
Added Pin To Net: NetName=NetR51A_1 Pin=R51A-1
Added Pin To Net: NetName=AIN4_N1 Pin=R51A-2
Added Pin To Net: NetName=ADC_IN4_N1 Pin=R52A-1
Added Pin To Net: NetName=ADC4_TD_P1 Pin=R52A-2
Added Pin To Net: NetName=NetR51A_1 Pin=R53A-1
Added Pin To Net: NetName=ADC4_TD_P1 Pin=R53A-2
Added Pin To Net: NetName=AIN1_P1 Pin=R57A-1
Added Pin To Net: NetName=AIN1_N1 Pin=R57A-2
Added Pin To Net: NetName=AIN2_P1 Pin=R58A-1
Added Pin To Net: NetName=AIN2A_N Pin=R58A-2
Added Pin To Net: NetName=AIN3_P1 Pin=R62A-1
Added Pin To Net: NetName=AIN3_N1 Pin=R62A-2
Added Pin To Net: NetName=AIN4_P1 Pin=R63A-1
Added Pin To Net: NetName=AIN4_N1 Pin=R63A-2
Added Pin To Net: NetName=VCA Pin=REF1A-1
Added Pin To Net: NetName=GND Pin=REF1A-2
Added Pin To Net: NetName=+5V_A Pin=REF1A-3
Added Pin To Net: NetName=+5V_A Pin=REF1A-4
Added Pin To Net: NetName=NetR30A_2 Pin=U1A-2
Added Pin To Net: NetName=NetR33A_1 Pin=U1A-3
Added Pin To Net: NetName=VCA Pin=U1A-4
Added Pin To Net: NetName=GND Pin=U1A-5
Added Pin To Net: NetName=NetR36A_2 Pin=U1A-7
Added Pin To Net: NetName=NetR39A_1 Pin=U1A-8
Added Pin To Net: NetName=VCA Pin=U1A-9
Added Pin To Net: NetName=GND Pin=U1A-10
Added Pin To Net: NetName=NetR42A_2 Pin=U1A-12
Added Pin To Net: NetName=NetR45A_1 Pin=U1A-13
Added Pin To Net: NetName=VCA Pin=U1A-14
Added Pin To Net: NetName=GND Pin=U1A-15
Added Pin To Net: NetName=NetR48A_2 Pin=U1A-17
Added Pin To Net: NetName=NetR51A_1 Pin=U1A-18
Added Pin To Net: NetName=VCA Pin=U1A-19
Added Pin To Net: NetName=+5V_A Pin=U1A-20
Added Pin To Net: NetName=ADC4_TD_P1 Pin=U1A-21
Added Pin To Net: NetName=ADC4_TD_N1 Pin=U1A-22
Added Pin To Net: NetName=GND Pin=U1A-23
Added Pin To Net: NetName=GND Pin=U1A-24
Added Pin To Net: NetName=+5V_A Pin=U1A-25
Added Pin To Net: NetName=ADC3_TD_P1 Pin=U1A-26
Added Pin To Net: NetName=ADC3_TD_N1 Pin=U1A-27
Added Pin To Net: NetName=GND Pin=U1A-28
Added Pin To Net: NetName=GND Pin=U1A-29
Added Pin To Net: NetName=+5V_A Pin=U1A-30
Added Pin To Net: NetName=ADC2_TD_P1 Pin=U1A-31
Added Pin To Net: NetName=ADC2_TD_N1 Pin=U1A-32
Added Pin To Net: NetName=GND Pin=U1A-33
Added Pin To Net: NetName=GND Pin=U1A-34
Added Pin To Net: NetName=+5V_A Pin=U1A-35
Added Pin To Net: NetName=ADC1_TD_P1 Pin=U1A-36
Added Pin To Net: NetName=ADC1_TD_N1 Pin=U1A-37
Added Pin To Net: NetName=GND Pin=U1A-38
Added Member To Class: ClassName=Buffer_Analog1 Member=Component BS3A (BS3) Ferrite bead
Added Member To Class: ClassName=Buffer_Analog1 Member=Component C1A (C1) 100nF
Added Member To Class: ClassName=Buffer_Analog1 Member=Component C2A (C2) 100nF
Added Member To Class: ClassName=Buffer_Analog1 Member=Component C3A (C3) 100nF
Added Member To Class: ClassName=Buffer_Analog1 Member=Component C35A (C35) 100nF
Added Member To Class: ClassName=Buffer_Analog1 Member=Component C36A (C36) 100nF
Added Member To Class: ClassName=Buffer_Analog1 Member=Component C37A (C37) 100nF
Added Member To Class: ClassName=Buffer_Analog1 Member=Component C38A (C38) 100nF
Added Member To Class: ClassName=Buffer_Analog1 Member=Component C39A (C39) 100nF
Added Member To Class: ClassName=Buffer_Analog1 Member=Component C41A (C41) 200pF
Added Member To Class: ClassName=Buffer_Analog1 Member=Component C42A (C42) 200pF
Added Member To Class: ClassName=Buffer_Analog1 Member=Component C43A (C43) 100pF
Added Member To Class: ClassName=Buffer_Analog1 Member=Component C45A (C45) 200pF
Added Member To Class: ClassName=Buffer_Analog1 Member=Component C47A (C47) 200pF
Added Member To Class: ClassName=Buffer_Analog1 Member=Component C48A (C48) 100pF
Added Member To Class: ClassName=Buffer_Analog1 Member=Component C49A (C49) 100nF
Added Member To Class: ClassName=Buffer_Analog1 Member=Component C50A (C50) 200pF
Added Member To Class: ClassName=Buffer_Analog1 Member=Component C51A (C51) 200pF
Added Member To Class: ClassName=Buffer_Analog1 Member=Component C52A (C52) 100pF
Added Member To Class: ClassName=Buffer_Analog1 Member=Component C54A (C54) 200pF
Added Member To Class: ClassName=Buffer_Analog1 Member=Component C64A (C64) 200pF
Added Member To Class: ClassName=Buffer_Analog1 Member=Component C65A (C65) 100pF
Added Member To Class: ClassName=Buffer_Analog1 Member=Component R30A (R30) 10k
Added Member To Class: ClassName=Buffer_Analog1 Member=Component R31A (R31) 48.7
Added Member To Class: ClassName=Buffer_Analog1 Member=Component R32A (R32) 39.2k
Added Member To Class: ClassName=Buffer_Analog1 Member=Component R33A (R33) 39.2k
Added Member To Class: ClassName=Buffer_Analog1 Member=Component R34A (R34) 48.7
Added Member To Class: ClassName=Buffer_Analog1 Member=Component R35A (R35) 10k
Added Member To Class: ClassName=Buffer_Analog1 Member=Component R36A (R36) 10k
Added Member To Class: ClassName=Buffer_Analog1 Member=Component R37A (R37) 48.7
Added Member To Class: ClassName=Buffer_Analog1 Member=Component R38A (R38) 39.2k
Added Member To Class: ClassName=Buffer_Analog1 Member=Component R39A (R39) 39.2k
Added Member To Class: ClassName=Buffer_Analog1 Member=Component R40A (R40) 48.7
Added Member To Class: ClassName=Buffer_Analog1 Member=Component R41A (R41) 10k
Added Member To Class: ClassName=Buffer_Analog1 Member=Component R42A (R42) 10k
Added Member To Class: ClassName=Buffer_Analog1 Member=Component R43A (R43) 48.7
Added Member To Class: ClassName=Buffer_Analog1 Member=Component R44A (R44) 39.2k
Added Member To Class: ClassName=Buffer_Analog1 Member=Component R45A (R45) 39.2k
Added Member To Class: ClassName=Buffer_Analog1 Member=Component R46A (R46) 48.7
Added Member To Class: ClassName=Buffer_Analog1 Member=Component R47A (R47) 10k
Added Member To Class: ClassName=Buffer_Analog1 Member=Component R48A (R48) 10k
Added Member To Class: ClassName=Buffer_Analog1 Member=Component R49A (R49) 48.7
Added Member To Class: ClassName=Buffer_Analog1 Member=Component R50A (R50) 39.2k
Added Member To Class: ClassName=Buffer_Analog1 Member=Component R51A (R51) 39.2k
Added Member To Class: ClassName=Buffer_Analog1 Member=Component R52A (R52) 48.7
Added Member To Class: ClassName=Buffer_Analog1 Member=Component R53A (R53) 10k
Added Member To Class: ClassName=Buffer_Analog1 Member=Component R57A (R57) 160
Added Member To Class: ClassName=Buffer_Analog1 Member=Component R58A (R58) 160
Added Member To Class: ClassName=Buffer_Analog1 Member=Component R62A (R62) 160
Added Member To Class: ClassName=Buffer_Analog1 Member=Component R63A (R63) 160
Added Member To Class: ClassName=Buffer_Analog1 Member=Component REF1A (REF1) VREF 3.3V/1.65V
Added Member To Class: ClassName=Buffer_Analog1 Member=Component U1A (U1) THS4524
Added Room: Name=Buffer_Analog1
