Removed Pin From Net: NetName=AGND Pin=C1I-1
Removed Pin From Net: NetName=AGND Pin=C1J-1
Removed Pin From Net: NetName=AGND Pin=C1K-1
Removed Pin From Net: NetName=AGND Pin=C1L-1
Removed Pin From Net: NetName=AGND Pin=C2I-1
Removed Pin From Net: NetName=AGND Pin=C2J-1
Removed Pin From Net: NetName=AGND Pin=C2K-1
Removed Pin From Net: NetName=AGND Pin=C2L-1
Removed Pin From Net: NetName=AGND Pin=C3I-1
Removed Pin From Net: NetName=+5V Pin=C3I-2
Removed Pin From Net: NetName=AGND Pin=C3J-1
Removed Pin From Net: NetName=+5V Pin=C3J-2
Removed Pin From Net: NetName=AGND Pin=C3K-1
Removed Pin From Net: NetName=+5V Pin=C3K-2
Removed Pin From Net: NetName=AGND Pin=C3L-1
Removed Pin From Net: NetName=+5V Pin=C3L-2
Removed Pin From Net: NetName=AGND Pin=C35I-1
Removed Pin From Net: NetName=AGND Pin=C35J-1
Removed Pin From Net: NetName=AGND Pin=C35K-1
Removed Pin From Net: NetName=AGND Pin=C35L-1
Removed Pin From Net: NetName=+5V Pin=C36I-1
Removed Pin From Net: NetName=AGND Pin=C36I-2
Removed Pin From Net: NetName=+5V Pin=C36J-1
Removed Pin From Net: NetName=AGND Pin=C36J-2
Removed Pin From Net: NetName=+5V Pin=C36K-1
Removed Pin From Net: NetName=AGND Pin=C36K-2
Removed Pin From Net: NetName=+5V Pin=C36L-1
Removed Pin From Net: NetName=AGND Pin=C36L-2
Removed Pin From Net: NetName=+5V Pin=C37I-1
Removed Pin From Net: NetName=AGND Pin=C37I-2
Removed Pin From Net: NetName=+5V Pin=C37J-1
Removed Pin From Net: NetName=AGND Pin=C37J-2
Removed Pin From Net: NetName=+5V Pin=C37K-1
Removed Pin From Net: NetName=AGND Pin=C37K-2
Removed Pin From Net: NetName=+5V Pin=C37L-1
Removed Pin From Net: NetName=AGND Pin=C37L-2
Removed Pin From Net: NetName=+5V Pin=C38I-1
Removed Pin From Net: NetName=AGND Pin=C38I-2
Removed Pin From Net: NetName=+5V Pin=C38J-1
Removed Pin From Net: NetName=AGND Pin=C38J-2
Removed Pin From Net: NetName=+5V Pin=C38K-1
Removed Pin From Net: NetName=AGND Pin=C38K-2
Removed Pin From Net: NetName=+5V Pin=C38L-1
Removed Pin From Net: NetName=AGND Pin=C38L-2
Removed Pin From Net: NetName=+5V Pin=C39I-1
Removed Pin From Net: NetName=AGND Pin=C39I-2
Removed Pin From Net: NetName=+5V Pin=C39J-1
Removed Pin From Net: NetName=AGND Pin=C39J-2
Removed Pin From Net: NetName=+5V Pin=C39K-1
Removed Pin From Net: NetName=AGND Pin=C39K-2
Removed Pin From Net: NetName=+5V Pin=C39L-1
Removed Pin From Net: NetName=AGND Pin=C39L-2
Removed Pin From Net: NetName=AGND Pin=C41I-2
Removed Pin From Net: NetName=AGND Pin=C41J-2
Removed Pin From Net: NetName=AGND Pin=C41K-2
Removed Pin From Net: NetName=AGND Pin=C41L-2
Removed Pin From Net: NetName=AGND Pin=C42I-1
Removed Pin From Net: NetName=AGND Pin=C42J-1
Removed Pin From Net: NetName=AGND Pin=C42K-1
Removed Pin From Net: NetName=AGND Pin=C42L-1
Removed Pin From Net: NetName=AGND Pin=C45I-2
Removed Pin From Net: NetName=AGND Pin=C45J-2
Removed Pin From Net: NetName=AGND Pin=C45K-2
Removed Pin From Net: NetName=AGND Pin=C45L-2
Removed Pin From Net: NetName=AGND Pin=C47I-1
Removed Pin From Net: NetName=AGND Pin=C47J-1
Removed Pin From Net: NetName=AGND Pin=C47K-1
Removed Pin From Net: NetName=AGND Pin=C47L-1
Removed Pin From Net: NetName=AGND Pin=C49I-1
Removed Pin From Net: NetName=AGND Pin=C49J-1
Removed Pin From Net: NetName=AGND Pin=C49K-1
Removed Pin From Net: NetName=AGND Pin=C49L-1
Removed Pin From Net: NetName=AGND Pin=C50I-2
Removed Pin From Net: NetName=AGND Pin=C50J-2
Removed Pin From Net: NetName=AGND Pin=C50K-2
Removed Pin From Net: NetName=AGND Pin=C50L-2
Removed Pin From Net: NetName=AGND Pin=C51I-1
Removed Pin From Net: NetName=AGND Pin=C51J-1
Removed Pin From Net: NetName=AGND Pin=C51K-1
Removed Pin From Net: NetName=AGND Pin=C51L-1
Removed Pin From Net: NetName=AGND Pin=C54I-2
Removed Pin From Net: NetName=AGND Pin=C54J-2
Removed Pin From Net: NetName=AGND Pin=C54K-2
Removed Pin From Net: NetName=AGND Pin=C54L-2
Removed Pin From Net: NetName=AGND Pin=C64I-1
Removed Pin From Net: NetName=AGND Pin=C64J-1
Removed Pin From Net: NetName=AGND Pin=C64K-1
Removed Pin From Net: NetName=AGND Pin=C64L-1
Removed Pin From Net: NetName=AIN1_P2 Pin=J1-1
Removed Pin From Net: NetName=AIN1_N2 Pin=J1-2
Removed Pin From Net: NetName=AIN2_P2 Pin=J1-3
Removed Pin From Net: NetName=AIN3_P2 Pin=J1-5
Removed Pin From Net: NetName=AIN3_N2 Pin=J1-6
Removed Pin From Net: NetName=AIN4_P2 Pin=J1-7
Removed Pin From Net: NetName=AIN4_N2 Pin=J1-8
Removed Pin From Net: NetName=AIN1_P1 Pin=J1-9
Removed Pin From Net: NetName=AIN1_N1 Pin=J1-10
Removed Pin From Net: NetName=AIN2_P1 Pin=J1-11
Removed Pin From Net: NetName=AIN3_P1 Pin=J1-13
Removed Pin From Net: NetName=AIN3_N1 Pin=J1-14
Removed Pin From Net: NetName=AIN4_P1 Pin=J1-15
Removed Pin From Net: NetName=AIN4_N1 Pin=J1-16
Removed Pin From Net: NetName=AGND Pin=REF1I-2
Removed Pin From Net: NetName=+5V Pin=REF1I-3
Removed Pin From Net: NetName=+5V Pin=REF1I-4
Removed Pin From Net: NetName=AGND Pin=REF1J-2
Removed Pin From Net: NetName=+5V Pin=REF1J-3
Removed Pin From Net: NetName=+5V Pin=REF1J-4
Removed Pin From Net: NetName=AGND Pin=REF1K-2
Removed Pin From Net: NetName=+5V Pin=REF1K-3
Removed Pin From Net: NetName=+5V Pin=REF1K-4
Removed Pin From Net: NetName=AGND Pin=REF1L-2
Removed Pin From Net: NetName=+5V Pin=REF1L-3
Removed Pin From Net: NetName=+5V Pin=REF1L-4
Removed Pin From Net: NetName=AGND Pin=U1I-5
Removed Pin From Net: NetName=AGND Pin=U1I-10
Removed Pin From Net: NetName=AGND Pin=U1I-15
Removed Pin From Net: NetName=+5V Pin=U1I-20
Removed Pin From Net: NetName=GND Pin=U1I-23
Removed Pin From Net: NetName=AGND Pin=U1I-24
Removed Pin From Net: NetName=+5V Pin=U1I-25
Removed Pin From Net: NetName=AGND Pin=U1I-28
Removed Pin From Net: NetName=AGND Pin=U1I-29
Removed Pin From Net: NetName=+5V Pin=U1I-30
Removed Pin From Net: NetName=GND Pin=U1I-33
Removed Pin From Net: NetName=AGND Pin=U1I-34
Removed Pin From Net: NetName=+5V Pin=U1I-35
Removed Pin From Net: NetName=AGND Pin=U1I-38
Removed Pin From Net: NetName=AGND Pin=U1J-5
Removed Pin From Net: NetName=AGND Pin=U1J-10
Removed Pin From Net: NetName=AGND Pin=U1J-15
Removed Pin From Net: NetName=+5V Pin=U1J-20
Removed Pin From Net: NetName=GND Pin=U1J-23
Removed Pin From Net: NetName=AGND Pin=U1J-24
Removed Pin From Net: NetName=+5V Pin=U1J-25
Removed Pin From Net: NetName=AGND Pin=U1J-28
Removed Pin From Net: NetName=AGND Pin=U1J-29
Removed Pin From Net: NetName=+5V Pin=U1J-30
Removed Pin From Net: NetName=GND Pin=U1J-33
Removed Pin From Net: NetName=AGND Pin=U1J-34
Removed Pin From Net: NetName=+5V Pin=U1J-35
Removed Pin From Net: NetName=AGND Pin=U1J-38
Removed Pin From Net: NetName=AGND Pin=U1K-5
Removed Pin From Net: NetName=AGND Pin=U1K-10
Removed Pin From Net: NetName=AGND Pin=U1K-15
Removed Pin From Net: NetName=+5V Pin=U1K-20
Removed Pin From Net: NetName=GND Pin=U1K-23
Removed Pin From Net: NetName=AGND Pin=U1K-24
Removed Pin From Net: NetName=+5V Pin=U1K-25
Removed Pin From Net: NetName=AGND Pin=U1K-28
Removed Pin From Net: NetName=AGND Pin=U1K-29
Removed Pin From Net: NetName=+5V Pin=U1K-30
Removed Pin From Net: NetName=GND Pin=U1K-33
Removed Pin From Net: NetName=AGND Pin=U1K-34
Removed Pin From Net: NetName=+5V Pin=U1K-35
Removed Pin From Net: NetName=AGND Pin=U1K-38
Removed Pin From Net: NetName=AGND Pin=U1L-5
Removed Pin From Net: NetName=AGND Pin=U1L-10
Removed Pin From Net: NetName=AGND Pin=U1L-15
Removed Pin From Net: NetName=+5V Pin=U1L-20
Removed Pin From Net: NetName=GND Pin=U1L-23
Removed Pin From Net: NetName=AGND Pin=U1L-24
Removed Pin From Net: NetName=+5V Pin=U1L-25
Removed Pin From Net: NetName=AGND Pin=U1L-28
Removed Pin From Net: NetName=AGND Pin=U1L-29
Removed Pin From Net: NetName=+5V Pin=U1L-30
Removed Pin From Net: NetName=GND Pin=U1L-33
Removed Pin From Net: NetName=AGND Pin=U1L-34
Removed Pin From Net: NetName=+5V Pin=U1L-35
Removed Pin From Net: NetName=AGND Pin=U1L-38
