Circuit: * C:\Users\Public\Documents\Altium\Projects\RTS USACH\ADC Rápido\Diff to Diff simulacion\Diferencial to Diferencial.asc

WARNING: Less than two connections to node -VCC.  This node is used by V4.
WARNING: Less than two connections to node +5V.  This node is used by V5.
WARNING: Less than two connections to node VREF_EXT.  This node is used by V1.
WARNING: Less than two connections to node +5V_EXT.  This node is used by V8.
WARNING: Less than two connections to node -5V_EXT.  This node is used by V9.
Direct Newton iteration failed to find .op point.  (Use ".option noopiter" to skip.)
Starting Gmin stepping
Gmin = 10
Gmin = 1.07374
Gmin = 0.115292
Gmin = 0.0123794
Gmin = 0.00132923
Gmin = 0.000142725
Gmin = 1.5325e-005
Gmin = 1.6455e-006
Gmin = 1.76685e-007
Gmin = 1.89714e-008
Gmin = 2.03704e-009
Gmin = 2.18725e-010
Gmin = 2.34854e-011
Gmin = 2.52173e-012
Gmin = 2.70769e-013
Gmin = 0
Gmin stepping succeeded in finding the operating point.


Date: Mon Aug 27 09:42:21 2018
Total elapsed time: 0.049 seconds.

tnom = 27
temp = 27
method = modified trap
totiter = 1463
traniter = 1034
tranpoints = 518
accept = 518
rejected = 0
matrix size = 36
fillins = 32
solver = Normal
Matrix Compiler1: 3.16 KB object code size  0.7/0.4/[0.2]
Matrix Compiler2: off  [0.3]/0.5/0.5

